// Validating benchmarks:
// ***** BenchmarkRunner: Start   *****
// ***** Found 10 benchmark(s) in total *****
// ***** Building 1 exe(s) in Parallel: Start   *****
// start dotnet  restore -r linux-x64 /p:UseSharedCompilation=false /p:BuildInParallel=false /m:1 /p:Deterministic=true /p:Optimize=true /p:ArtifactsPath="/home/alray/workspace/tlarc-v2/Kernel/Kernel.Benchmarks/bin/Release/net9.0/Kernel.Benchmarks-NativeAOT 9.0-1/" /p:OutDir="/home/alray/workspace/tlarc-v2/Kernel/Kernel.Benchmarks/bin/Release/net9.0/Kernel.Benchmarks-NativeAOT 9.0-1/bin/Release/net9.0/linux-x64/publish/" /p:OutputPath="/home/alray/workspace/tlarc-v2/Kernel/Kernel.Benchmarks/bin/Release/net9.0/Kernel.Benchmarks-NativeAOT 9.0-1/bin/Release/net9.0/linux-x64/publish/" /p:PublishDir="/home/alray/workspace/tlarc-v2/Kernel/Kernel.Benchmarks/bin/Release/net9.0/Kernel.Benchmarks-NativeAOT 9.0-1/publish/" in /home/alray/workspace/tlarc-v2/Kernel/Kernel.Benchmarks/bin/Release/net9.0/Kernel.Benchmarks-NativeAOT 9.0-1
// command took 1.18 sec and exited with 0
// start dotnet  publish -c Release -r linux-x64 --no-restore /p:UseSharedCompilation=false /p:BuildInParallel=false /m:1 /p:Deterministic=true /p:Optimize=true /p:ArtifactsPath="/home/alray/workspace/tlarc-v2/Kernel/Kernel.Benchmarks/bin/Release/net9.0/Kernel.Benchmarks-NativeAOT 9.0-1/" /p:OutDir="/home/alray/workspace/tlarc-v2/Kernel/Kernel.Benchmarks/bin/Release/net9.0/Kernel.Benchmarks-NativeAOT 9.0-1/bin/Release/net9.0/linux-x64/publish/" /p:OutputPath="/home/alray/workspace/tlarc-v2/Kernel/Kernel.Benchmarks/bin/Release/net9.0/Kernel.Benchmarks-NativeAOT 9.0-1/bin/Release/net9.0/linux-x64/publish/" /p:PublishDir="/home/alray/workspace/tlarc-v2/Kernel/Kernel.Benchmarks/bin/Release/net9.0/Kernel.Benchmarks-NativeAOT 9.0-1/publish/" --output "/home/alray/workspace/tlarc-v2/Kernel/Kernel.Benchmarks/bin/Release/net9.0/Kernel.Benchmarks-NativeAOT 9.0-1/bin/Release/net9.0/linux-x64/publish/" in /home/alray/workspace/tlarc-v2/Kernel/Kernel.Benchmarks/bin/Release/net9.0/Kernel.Benchmarks-NativeAOT 9.0-1
// command took 96.37 sec and exited with 1
// ***** Done, took 00:01:37 (97.64 sec)   *****
// Found 10 benchmarks:
//   TfCastBenchmarks.SharedRandom: NativeAOT 9.0(Runtime=NativeAOT 9.0)
//   TfCastBenchmarks.MatrixCalc: NativeAOT 9.0(Runtime=NativeAOT 9.0)
//   TfCastBenchmarks.CacheHit_Self: NativeAOT 9.0(Runtime=NativeAOT 9.0)
//   TfCastBenchmarks.CacheHit_ParentToChild: NativeAOT 9.0(Runtime=NativeAOT 9.0)
//   TfCastBenchmarks.CacheHit_ChildToParent: NativeAOT 9.0(Runtime=NativeAOT 9.0)
//   TfCastBenchmarks.CacheHit_SetPath: NativeAOT 9.0(Runtime=NativeAOT 9.0)
//   TfCastBenchmarks.DeepHierarchy: NativeAOT 9.0(Runtime=NativeAOT 9.0)
//   TfCastBenchmarks.CacheMiss_SamePath_NewValue: NativeAOT 9.0(Runtime=NativeAOT 9.0)
//   TfCastBenchmarks.CacheMiss_NewPath: NativeAOT 9.0(Runtime=NativeAOT 9.0)
//   TfCastBenchmarks.CacheMiss_NewPath_NewValue: NativeAOT 9.0(Runtime=NativeAOT 9.0)

// Build Error: Standard output: 
  
 Standard error: 
   Kernel.DataInterfaces -> /home/alray/workspace/tlarc-v2/Kernel/Kernel.Benchmarks/bin/Release/net9.0/Kernel.Benchmarks-NativeAOT 9.0-1/bin/Release/net9.0/linux-x64/publish/Kernel.DataInterfaces.dll
  Kernel.Core -> /home/alray/workspace/tlarc-v2/Kernel/Kernel.Benchmarks/bin/Release/net9.0/Kernel.Benchmarks-NativeAOT 9.0-1/bin/Release/net9.0/linux-x64/publish/Kernel.Core.dll
  Kernel.Benchmarks -> /home/alray/workspace/tlarc-v2/Kernel/Kernel.Benchmarks/bin/Release/net9.0/Kernel.Benchmarks-NativeAOT 9.0-1/bin/Release/net9.0/linux-x64/publish/Kernel.Benchmarks.dll
  BenchmarkDotNet.Autogenerated -> /home/alray/workspace/tlarc-v2/Kernel/Kernel.Benchmarks/bin/Release/net9.0/Kernel.Benchmarks-NativeAOT 9.0-1/bin/Release/net9.0/linux-x64/publish/Kernel.Benchmarks-NativeAOT 9.0-1.dll
/home/alray/.nuget/packages/microsoft.net.illink.tasks/9.0.6/build/Microsoft.NET.ILLink.targets(220,5): warning : Property 'TrimmerDefaultAction' is deprecated in .NET 7 and higher and will be ignored. Use TrimMode instead. [/home/alray/workspace/tlarc-v2/Kernel/Kernel.Benchmarks/bin/Release/net9.0/Kernel.Benchmarks-NativeAOT 9.0-1/BenchmarkDotNet.Autogenerated.csproj]
  Generating native code
ILC : warning IL3000: BenchmarkDotNet.Portability.RuntimeInformation..cctor(): 'System.Reflection.Assembly.Location.get' always returns an empty string for assemblies embedded in a single-file app. If the path to the app directory is needed, consider calling 'System.AppContext.BaseDirectory'. [/home/alray/workspace/tlarc-v2/Kernel/Kernel.Benchmarks/bin/Release/net9.0/Kernel.Benchmarks-NativeAOT 9.0-1/BenchmarkDotNet.Autogenerated.csproj]
ILC : warning IL3000: BenchmarkDotNet.Portability.RuntimeInformation..cctor(): 'System.Reflection.Assembly.Location.get' always returns an empty string for assemblies embedded in a single-file app. If the path to the app directory is needed, consider calling 'System.AppContext.BaseDirectory'. [/home/alray/workspace/tlarc-v2/Kernel/Kernel.Benchmarks/bin/Release/net9.0/Kernel.Benchmarks-NativeAOT 9.0-1/BenchmarkDotNet.Autogenerated.csproj]
ILC : warning IL3000: BenchmarkDotNet.Portability.RuntimeInformation.GetNetCoreVersion(): 'System.Reflection.Assembly.Location.get' always returns an empty string for assemblies embedded in a single-file app. If the path to the app directory is needed, consider calling 'System.AppContext.BaseDirectory'. [/home/alray/workspace/tlarc-v2/Kernel/Kernel.Benchmarks/bin/Release/net9.0/Kernel.Benchmarks-NativeAOT 9.0-1/BenchmarkDotNet.Autogenerated.csproj]
ILC : warning IL3000: BenchmarkDotNet.Portability.RuntimeInformation.GetNetCoreVersion(): 'System.Reflection.Assembly.Location.get' always returns an empty string for assemblies embedded in a single-file app. If the path to the app directory is needed, consider calling 'System.AppContext.BaseDirectory'. [/home/alray/workspace/tlarc-v2/Kernel/Kernel.Benchmarks/bin/Release/net9.0/Kernel.Benchmarks-NativeAOT 9.0-1/BenchmarkDotNet.Autogenerated.csproj]
ILC : warning IL3000: BenchmarkDotNet.Environments.CoreRuntime.TryGetVersion(Version&): 'System.Reflection.Assembly.Location.get' always returns an empty string for assemblies embedded in a single-file app. If the path to the app directory is needed, consider calling 'System.AppContext.BaseDirectory'. [/home/alray/workspace/tlarc-v2/Kernel/Kernel.Benchmarks/bin/Release/net9.0/Kernel.Benchmarks-NativeAOT 9.0-1/BenchmarkDotNet.Autogenerated.csproj]
/home/alray/.nuget/packages/benchmarkdotnet/0.15.2/lib/net8.0/BenchmarkDotNet.dll : warning IL2104: Assembly 'BenchmarkDotNet' produced trim warnings. For more information see https://aka.ms/il2104 [/home/alray/workspace/tlarc-v2/Kernel/Kernel.Benchmarks/bin/Release/net9.0/Kernel.Benchmarks-NativeAOT 9.0-1/BenchmarkDotNet.Autogenerated.csproj]
/home/alray/.nuget/packages/commandlineparser/2.9.1/lib/netstandard2.0/CommandLine.dll : warning IL2104: Assembly 'CommandLine' produced trim warnings. For more information see https://aka.ms/il2104 [/home/alray/workspace/tlarc-v2/Kernel/Kernel.Benchmarks/bin/Release/net9.0/Kernel.Benchmarks-NativeAOT 9.0-1/BenchmarkDotNet.Autogenerated.csproj]
ILC : warning IL3000: BenchmarkDotNet.Running.BenchmarkPartitioner.BenchmarkRuntimePropertiesComparer.Equals(BenchmarkCase,BenchmarkCase): 'System.Reflection.Assembly.Location.get' always returns an empty string for assemblies embedded in a single-file app. If the path to the app directory is needed, consider calling 'System.AppContext.BaseDirectory'. [/home/alray/workspace/tlarc-v2/Kernel/Kernel.Benchmarks/bin/Release/net9.0/Kernel.Benchmarks-NativeAOT 9.0-1/BenchmarkDotNet.Autogenerated.csproj]
ILC : warning IL3000: BenchmarkDotNet.Running.BenchmarkPartitioner.BenchmarkRuntimePropertiesComparer.Equals(BenchmarkCase,BenchmarkCase): 'System.Reflection.Assembly.Location.get' always returns an empty string for assemblies embedded in a single-file app. If the path to the app directory is needed, consider calling 'System.AppContext.BaseDirectory'. [/home/alray/workspace/tlarc-v2/Kernel/Kernel.Benchmarks/bin/Release/net9.0/Kernel.Benchmarks-NativeAOT 9.0-1/BenchmarkDotNet.Autogenerated.csproj]
ILC : warning IL3000: BenchmarkDotNet.Running.BenchmarkPartitioner.BenchmarkRuntimePropertiesComparer.GetHashCode(BenchmarkCase): 'System.Reflection.Assembly.Location.get' always returns an empty string for assemblies embedded in a single-file app. If the path to the app directory is needed, consider calling 'System.AppContext.BaseDirectory'. [/home/alray/workspace/tlarc-v2/Kernel/Kernel.Benchmarks/bin/Release/net9.0/Kernel.Benchmarks-NativeAOT 9.0-1/BenchmarkDotNet.Autogenerated.csproj]
ILC : warning IL3000: BenchmarkDotNet.Validators.ShadowCopyValidator.<>c.<Validate>b__4_1(Assembly): 'System.Reflection.Assembly.Location.get' always returns an empty string for assemblies embedded in a single-file app. If the path to the app directory is needed, consider calling 'System.AppContext.BaseDirectory'. [/home/alray/workspace/tlarc-v2/Kernel/Kernel.Benchmarks/bin/Release/net9.0/Kernel.Benchmarks-NativeAOT 9.0-1/BenchmarkDotNet.Autogenerated.csproj]
/home/alray/.nuget/packages/benchmarkdotnet/0.15.2/lib/net8.0/BenchmarkDotNet.dll : warning IL3053: Assembly 'BenchmarkDotNet' produced AOT analysis warnings. [/home/alray/workspace/tlarc-v2/Kernel/Kernel.Benchmarks/bin/Release/net9.0/Kernel.Benchmarks-NativeAOT 9.0-1/BenchmarkDotNet.Autogenerated.csproj]
ILC : warning IL3000: BenchmarkDotNet.Disassemblers.MonoDisassembler.Disassemble(BenchmarkCase,MonoRuntime): 'System.Reflection.Assembly.Location.get' always returns an empty string for assemblies embedded in a single-file app. If the path to the app directory is needed, consider calling 'System.AppContext.BaseDirectory'. [/home/alray/workspace/tlarc-v2/Kernel/Kernel.Benchmarks/bin/Release/net9.0/Kernel.Benchmarks-NativeAOT 9.0-1/BenchmarkDotNet.Autogenerated.csproj]
ILC : warning IL3000: BenchmarkDotNet.Running.BuildPartition.GetResolvedAssemblyLocation(Assembly): 'System.Reflection.Assembly.Location.get' always returns an empty string for assemblies embedded in a single-file app. If the path to the app directory is needed, consider calling 'System.AppContext.BaseDirectory'. [/home/alray/workspace/tlarc-v2/Kernel/Kernel.Benchmarks/bin/Release/net9.0/Kernel.Benchmarks-NativeAOT 9.0-1/BenchmarkDotNet.Autogenerated.csproj]
ILC : warning IL3000: BenchmarkDotNet.Running.BuildPartition.GetResolvedAssemblyLocation(Assembly): 'System.Reflection.Assembly.Location.get' always returns an empty string for assemblies embedded in a single-file app. If the path to the app directory is needed, consider calling 'System.AppContext.BaseDirectory'. [/home/alray/workspace/tlarc-v2/Kernel/Kernel.Benchmarks/bin/Release/net9.0/Kernel.Benchmarks-NativeAOT 9.0-1/BenchmarkDotNet.Autogenerated.csproj]
ILC : warning IL3000: BenchmarkDotNet.Toolchains.Roslyn.Generator.<>c.<GenerateBuildScript>b__2_0(Assembly): 'System.Reflection.Assembly.Location.get' always returns an empty string for assemblies embedded in a single-file app. If the path to the app directory is needed, consider calling 'System.AppContext.BaseDirectory'. [/home/alray/workspace/tlarc-v2/Kernel/Kernel.Benchmarks/bin/Release/net9.0/Kernel.Benchmarks-NativeAOT 9.0-1/BenchmarkDotNet.Autogenerated.csproj]
ILC : warning IL3000: BenchmarkDotNet.Toolchains.CsProj.CsProjGenerator.GetBuildArtifactsDirectoryPath(BuildPartition,String): 'System.Reflection.Assembly.Location.get' always returns an empty string for assemblies embedded in a single-file app. If the path to the app directory is needed, consider calling 'System.AppContext.BaseDirectory'. [/home/alray/workspace/tlarc-v2/Kernel/Kernel.Benchmarks/bin/Release/net9.0/Kernel.Benchmarks-NativeAOT 9.0-1/BenchmarkDotNet.Autogenerated.csproj]
ILC : warning IL3000: BenchmarkDotNet.Code.CodeGenerator.GetShadowCopySettings(): 'System.Reflection.Assembly.Location.get' always returns an empty string for assemblies embedded in a single-file app. If the path to the app directory is needed, consider calling 'System.AppContext.BaseDirectory'. [/home/alray/workspace/tlarc-v2/Kernel/Kernel.Benchmarks/bin/Release/net9.0/Kernel.Benchmarks-NativeAOT 9.0-1/BenchmarkDotNet.Autogenerated.csproj]
ILC : warning IL3000: BenchmarkDotNet.Toolchains.Roslyn.Builder.GetFrameworkAssembliesPaths(): 'System.Reflection.Assembly.Location.get' always returns an empty string for assemblies embedded in a single-file app. If the path to the app directory is needed, consider calling 'System.AppContext.BaseDirectory'. [/home/alray/workspace/tlarc-v2/Kernel/Kernel.Benchmarks/bin/Release/net9.0/Kernel.Benchmarks-NativeAOT 9.0-1/BenchmarkDotNet.Autogenerated.csproj]
ILC : warning IL3000: BenchmarkDotNet.Toolchains.Roslyn.Builder.<>c.<Build>b__4_0(Assembly): 'System.Reflection.Assembly.Location.get' always returns an empty string for assemblies embedded in a single-file app. If the path to the app directory is needed, consider calling 'System.AppContext.BaseDirectory'. [/home/alray/workspace/tlarc-v2/Kernel/Kernel.Benchmarks/bin/Release/net9.0/Kernel.Benchmarks-NativeAOT 9.0-1/BenchmarkDotNet.Autogenerated.csproj]
ILC : warning IL3000: BenchmarkDotNet.Toolchains.Roslyn.Builder.<>c.<GetMissingReferences>b__9_4(Assembly): 'System.Reflection.Assembly.Location.get' always returns an empty string for assemblies embedded in a single-file app. If the path to the app directory is needed, consider calling 'System.AppContext.BaseDirectory'. [/home/alray/workspace/tlarc-v2/Kernel/Kernel.Benchmarks/bin/Release/net9.0/Kernel.Benchmarks-NativeAOT 9.0-1/BenchmarkDotNet.Autogenerated.csproj]
/home/alray/.nuget/packages/microsoft.diagnostics.tracing.traceevent/3.1.21/lib/netstandard2.0/Microsoft.Diagnostics.Tracing.TraceEvent.dll : warning IL3053: Assembly 'Microsoft.Diagnostics.Tracing.TraceEvent' produced AOT analysis warnings. [/home/alray/workspace/tlarc-v2/Kernel/Kernel.Benchmarks/bin/Release/net9.0/Kernel.Benchmarks-NativeAOT 9.0-1/BenchmarkDotNet.Autogenerated.csproj]
/home/alray/.nuget/packages/microsoft.diagnostics.tracing.traceevent/3.1.21/lib/netstandard2.0/Microsoft.Diagnostics.FastSerialization.dll : warning IL2104: Assembly 'Microsoft.Diagnostics.FastSerialization' produced trim warnings. For more information see https://aka.ms/il2104 [/home/alray/workspace/tlarc-v2/Kernel/Kernel.Benchmarks/bin/Release/net9.0/Kernel.Benchmarks-NativeAOT 9.0-1/BenchmarkDotNet.Autogenerated.csproj]
ILC : warning IL3002: Microsoft.Diagnostics.Symbols.NativeSymbolModule.MicrosoftPdbSourceFile.GetSourceFromSrcServer(): Using member 'System.Reflection.Module.FullyQualifiedName.get' which has 'RequiresAssemblyFilesAttribute' can break functionality when embedded in a single-file app. Returns <Unknown> for modules with no file path. [/home/alray/workspace/tlarc-v2/Kernel/Kernel.Benchmarks/bin/Release/net9.0/Kernel.Benchmarks-NativeAOT 9.0-1/BenchmarkDotNet.Autogenerated.csproj]
/home/alray/.nuget/packages/microsoft.diagnostics.tracing.traceevent/3.1.21/lib/netstandard2.0/Microsoft.Diagnostics.Tracing.TraceEvent.dll : warning IL2104: Assembly 'Microsoft.Diagnostics.Tracing.TraceEvent' produced trim warnings. For more information see https://aka.ms/il2104 [/home/alray/workspace/tlarc-v2/Kernel/Kernel.Benchmarks/bin/Release/net9.0/Kernel.Benchmarks-NativeAOT 9.0-1/BenchmarkDotNet.Autogenerated.csproj]
/home/alray/.nuget/packages/gee.external.capstone/2.3.0/lib/net7.0/Gee.External.Capstone.dll : warning IL3053: Assembly 'Gee.External.Capstone' produced AOT analysis warnings. [/home/alray/workspace/tlarc-v2/Kernel/Kernel.Benchmarks/bin/Release/net9.0/Kernel.Benchmarks-NativeAOT 9.0-1/BenchmarkDotNet.Autogenerated.csproj]
ILC : warning IL3002: NativeDlls.LoadNative(String): Using member 'System.Reflection.Module.FullyQualifiedName.get' which has 'RequiresAssemblyFilesAttribute' can break functionality when embedded in a single-file app. Returns <Unknown> for modules with no file path. [/home/alray/workspace/tlarc-v2/Kernel/Kernel.Benchmarks/bin/Release/net9.0/Kernel.Benchmarks-NativeAOT 9.0-1/BenchmarkDotNet.Autogenerated.csproj]
/home/alray/.nuget/packages/microsoft.codeanalysis.common/4.14.0/lib/net9.0/Microsoft.CodeAnalysis.dll : warning IL2104: Assembly 'Microsoft.CodeAnalysis' produced trim warnings. For more information see https://aka.ms/il2104 [/home/alray/workspace/tlarc-v2/Kernel/Kernel.Benchmarks/bin/Release/net9.0/Kernel.Benchmarks-NativeAOT 9.0-1/BenchmarkDotNet.Autogenerated.csproj]
clang : error : no such file or directory: '9.0-1/obj/BenchmarkDotNet.Autogenerated/release_linux-x64/native/Kernel.Benchmarks-NativeAOT' [/home/alray/workspace/tlarc-v2/Kernel/Kernel.Benchmarks/bin/Release/net9.0/Kernel.Benchmarks-NativeAOT 9.0-1/BenchmarkDotNet.Autogenerated.csproj]
clang : error : no such file or directory: '9.0-1.exports' [/home/alray/workspace/tlarc-v2/Kernel/Kernel.Benchmarks/bin/Release/net9.0/Kernel.Benchmarks-NativeAOT 9.0-1/BenchmarkDotNet.Autogenerated.csproj]
/home/alray/.nuget/packages/microsoft.dotnet.ilcompiler/9.0.6/build/Microsoft.NETCore.Native.targets(376,5): error MSB3073: 命令“"clang" "/home/alray/workspace/tlarc-v2/Kernel/Kernel.Benchmarks/bin/Release/net9.0/Kernel.Benchmarks-NativeAOT 9.0-1/obj/BenchmarkDotNet.Autogenerated/release_linux-x64/native/Kernel.Benchmarks-NativeAOT 9.0-1.o" -o "/home/alray/workspace/tlarc-v2/Kernel/Kernel.Benchmarks/bin/Release/net9.0/Kernel.Benchmarks-NativeAOT 9.0-1/bin/Release/net9.0/linux-x64/publish/native/Kernel.Benchmarks-NativeAOT 9.0-1" -Wl,--version-script=/home/alray/workspace/tlarc-v2/Kernel/Kernel.Benchmarks/bin/Release/net9.0/Kernel.Benchmarks-NativeAOT 9.0-1/obj/BenchmarkDotNet.Autogenerated/release_linux-x64/native/Kernel.Benchmarks-NativeAOT 9.0-1.exports -Wl,--export-dynamic -gz=zlib -fuse-ld=bfd /home/alray/.nuget/packages/runtime.linux-x64.microsoft.dotnet.ilcompiler/9.0.6/sdk/libbootstrapper.o /home/alray/.nuget/packages/runtime.linux-x64.microsoft.dotnet.ilcompiler/9.0.6/sdk/libRuntime.WorkstationGC.a /home/alray/.nuget/packages/runtime.linux-x64.microsoft.dotnet.ilcompiler/9.0.6/sdk/libeventpipe-disabled.a /home/alray/.nuget/packages/runtime.linux-x64.microsoft.dotnet.ilcompiler/9.0.6/sdk/libRuntime.VxsortEnabled.a /home/alray/.nuget/packages/runtime.linux-x64.microsoft.dotnet.ilcompiler/9.0.6/sdk/libstandalonegc-disabled.a /home/alray/.nuget/packages/runtime.linux-x64.microsoft.dotnet.ilcompiler/9.0.6/sdk/libstdc++compat.a /home/alray/.nuget/packages/runtime.linux-x64.microsoft.dotnet.ilcompiler/9.0.6/framework/libSystem.Native.a /home/alray/.nuget/packages/runtime.linux-x64.microsoft.dotnet.ilcompiler/9.0.6/framework/libSystem.Globalization.Native.a /home/alray/.nuget/packages/runtime.linux-x64.microsoft.dotnet.ilcompiler/9.0.6/framework/libSystem.IO.Compression.Native.a /home/alray/.nuget/packages/runtime.linux-x64.microsoft.dotnet.ilcompiler/9.0.6/framework/libSystem.Net.Security.Native.a /home/alray/.nuget/packages/runtime.linux-x64.microsoft.dotnet.ilcompiler/9.0.6/framework/libSystem.Security.Cryptography.Native.OpenSsl.a /home/alray/.nuget/packages/runtime.linux-x64.microsoft.dotnet.ilcompiler/9.0.6/sdk/libz.a -g -Wl,-rpath,'$ORIGIN' -Wl,--build-id=sha1 -Wl,--as-needed -pthread -ldl -lrt -lm -pie -Wl,-pie -Wl,-z,relro -Wl,-z,now -Wl,--eh-frame-hdr -Wl,--discard-all -Wl,--gc-sections”已退出，代码为 1。 [/home/alray/workspace/tlarc-v2/Kernel/Kernel.Benchmarks/bin/Release/net9.0/Kernel.Benchmarks-NativeAOT 9.0-1/BenchmarkDotNet.Autogenerated.csproj]

// BenchmarkDotNet has failed to build the auto-generated boilerplate code.
// It can be found in /home/alray/workspace/tlarc-v2/Kernel/Kernel.Benchmarks/bin/Release/net9.0/Kernel.Benchmarks-NativeAOT 9.0-1
// Please follow the troubleshooting guide: https://benchmarkdotnet.org/articles/guides/troubleshooting.html

// ** Remained 0 (0.0 %) benchmark(s) to run. Estimated finish 2025-06-23 1:24 (0h 0m from now) **
// ***** BenchmarkRunner: Finish  *****

// * Export *
  BenchmarkDotNet.Artifacts/results/Kernel.Benchmarks.TfCastBenchmarks-report.csv
  BenchmarkDotNet.Artifacts/results/Kernel.Benchmarks.TfCastBenchmarks-report-github.md
  BenchmarkDotNet.Artifacts/results/Kernel.Benchmarks.TfCastBenchmarks-report.html
  BenchmarkDotNet.Artifacts/results/Kernel.Benchmarks.TfCastBenchmarks-measurements.csv
RPlotExporter couldn't find Rscript in your PATH and no R_HOME environment variable is defined
  BenchmarkDotNet.Artifacts/results/BuildPlots.R

// * Detailed results *
TfCastBenchmarks.SharedRandom: NativeAOT 9.0(Runtime=NativeAOT 9.0)
Runtime = ; GC = 
There are not any results runs

// * Summary *

BenchmarkDotNet v0.15.2, Linux Ubuntu 22.04.3 LTS (Jammy Jellyfish)
12th Gen Intel Core i7-12700H, 1 CPU, 20 logical and 10 physical cores
.NET SDK 9.0.107
  [Host] : .NET 9.0.6 (9.0.625.26613), X64 AOT AVX2

Job=NativeAOT 9.0  Runtime=NativeAOT 9.0  

| Method       | Mean | Error | Ratio | RatioSD |
|------------- |-----:|------:|------:|--------:|
| SharedRandom |   NA |    NA |     ? |       ? |

Benchmarks with issues:
  TfCastBenchmarks.SharedRandom: NativeAOT 9.0(Runtime=NativeAOT 9.0)

// * Warnings *
BaselineCustomAnalyzer
  Summary -> A question mark '?' symbol indicates that it was not possible to compute the (Ratio, RatioSD) column(s) because the baseline or benchmark could not be found, or the baseline value is too close to zero.

// * Legends *
  Mean    : Arithmetic mean of all measurements
  Error   : Half of 99.9% confidence interval
  Ratio   : Mean of the ratio distribution ([Current]/[Baseline])
  RatioSD : Standard deviation of the ratio distribution ([Current]/[Baseline])
  1 ns    : 1 Nanosecond (0.000000001 sec)

// ***** BenchmarkRunner: End *****
Run time: 00:00:00 (0.02 sec), executed benchmarks: 0

Global total time: 00:01:37 (97.98 sec), executed benchmarks: 0
// * Artifacts cleanup *
Artifacts cleanup is finished
